<?xml version="1.0" encoding="UTF-8"?><office:document xmlns:fo="urn:oasis:names:tc:opendocument:xmlns:xsl-fo-compatible:1.0" xmlns:office="urn:oasis:names:tc:opendocument:xmlns:office:1.0" xmlns:style="urn:oasis:names:tc:opendocument:xmlns:style:1.0" xmlns:text="urn:oasis:names:tc:opendocument:xmlns:text:1.0">
                <office:automatic-styles>
                    <this-tag-should-be-left/>
                <style:style style:family="paragraph" style:name="PAMC1" style:parent-style-name="Text_20_body"/></office:automatic-styles>
                <office:body>
                    <office:text text:use-soft-page-breaks="true">
                        <this-tag-should-be-left/>
                            <text:p text:style-name="PAMC1">Some paragraph</text:p>
                        <this-tag-should-be-left/>
                    </office:text>
                </office:body>
        </office:document>
