<root xmlns:text="urn:oasis:names:tc:opendocument:xmlns:text:1.0" xmlns:style="urn:oasis:names:tc:opendocument:xmlns:style:1.0" xmlns:fo="urn:oasis:names:tc:opendocument:xmlns:xsl-fo-compatible:1.0" xmlns:xlink="http://www.w3.org/1999/xlink" xmlns:table="urn:oasis:names:tc:opendocument:xmlns:table:1.0" xmlns:svg="urn:oasis:names:tc:opendocument:xmlns:svg-compatible:1.0" xmlns:draw="urn:oasis:names:tc:opendocument:xmlns:drawing:1.0" xmlns:office="urn:oasis:names:tc:opendocument:xmlns:office:1.0" xmlns:graphic="urn:oasis:names:tc:opendocument:xmlns:office:1.0" xmlns:loext="urn:org:documentfoundation:names:experimental:office:xmlns:loext:1.0">
	<text:h text:style-name="Heading 1" text:outline-level="1">
		<style:text-properties fo:font-size="14pt"/>
		Heading 1
	</text:h>
	<text:p text:style-name="Body Text">
		Some text
	</text:p>
	<text:h text:style-name="Heading 1" text:outline-level="1">
		<style:text-properties fo:font-size="14pt"/>
		Heading 1
	</text:h>
</root>
