<root xmlns:text="urn:oasis:names:tc:opendocument:xmlns:text:1.0" xmlns:style="urn:oasis:names:tc:opendocument:xmlns:style:1.0" xmlns:fo="urn:oasis:names:tc:opendocument:xmlns:xsl-fo-compatible:1.0" xmlns:xlink="http://www.w3.org/1999/xlink" xmlns:table="urn:oasis:names:tc:opendocument:xmlns:table:1.0" xmlns:svg="urn:oasis:names:tc:opendocument:xmlns:svg-compatible:1.0" xmlns:draw="urn:oasis:names:tc:opendocument:xmlns:drawing:1.0" xmlns:office="urn:oasis:names:tc:opendocument:xmlns:office:1.0" xmlns:graphic="urn:oasis:names:tc:opendocument:xmlns:office:1.0" xmlns:loext="urn:org:documentfoundation:names:experimental:office:xmlns:loext:1.0">
	<text:p text:style-name="Text body">
		Paragraph before
	</text:p>
	<text:p>
		Some text
		 (Some more text)
	</text:p>
	<text:p text:style-name="Text body">
		Paragraph after
	</text:p>
	<text:p text:style-name="Text body">
		<text:span>
			<style:text-properties/>
			before
			<text:span>
				Some text
				 (Some more text)
			</text:span>
			after
		</text:span>
	</text:p>
</root>
