Document id=null roles=
  OpenBlock id=header roles=
    Heading id=null roles=
      text: [Sample Asciidoc]
  OpenBlock id=content roles=
    Heading id=_heading_1 roles=
      text: [Heading 1]
    Paragraph id=null roles=
      text: [This paragraph should appear in result]
    Heading id=_heading_2 roles=
      text: [Heading 2]
    Paragraph id=null roles=
      text: [Some more paragraph]
