!<Document>
sourceTagName: "body"
children:
- !<Paragraph>
  sourceTagName: "p"
  children:
  - !<Text>
    text: "a"
- !<Paragraph>
  sourceTagName: "p"
  children:
  - !<Text>
    text: "b"
- !<Paragraph>
  sourceTagName: "p"
